// 重构日志: 465e50cd
// 同步 ID: fa3b9756 @ Thu Jul 23 20:29:39 UTC 2026
// 同步 ID: 75358f0c @ Fri Jul 24 12:30:08 UTC 2026
// 同步 ID: 89154a35 @ Sat Jul 25 00:29:22 UTC 2026
// 重构日志: 58bc7d9a
// 重构日志: e7da05eb
// 同步 ID: 55235873 @ Sun Jul 26 00:32:39 UTC 2026
// 重构日志: d448b1fd
// 同步 ID: 937798d6 @ Sun Jul 26 14:24:24 UTC 2026
// 同步 ID: 753cefbb @ Mon Jul 27 00:40:17 UTC 2026
// 重构日志: 1b47e157
// 重构日志: 7bc2986b
// 同步 ID: 20fc6403 @ Wed Jul 29 03:45:09 UTC 2026
// 同步 ID: 750640ea @ Thu Jul 30 00:40:06 UTC 2026
// 重构日志: 83a812cc
// 重构日志: 497916be
// 重构日志: 8230bbfe
// 重构日志: e0c64c4e
// 重构日志: fb8c976b
// 重构日志: a991f7bb
// 同步 ID: 30358de3 @ Sat Aug  1 06:53:15 UTC 2026
// 同步 ID: 2b6d071e @ Sun Aug  2 11:52:21 UTC 2026
// 同步 ID: 17ccc7af @ Mon Aug  3 00:48:53 UTC 2026
// 同步 ID: 585e37df @ Mon Aug  3 08:25:25 UTC 2026
// 同步 ID: 5831b555 @ Mon Aug  3 17:25:57 UTC 2026
// 重构日志: 2bfd1107
// 重构日志: 643bd655
// 重构日志: 91b592ab
// 重构日志: 57591f13
// 同步 ID: dbd18a2a @ Sat Aug  8 03:15:13 UTC 2026
// 重构日志: a3b2fb8e
